// Jest Snapshot v1, https://goo.gl/fbAQLP

exports[`<NavbarItem /> component should render correctly 1`] = `
<img
  alt="herenow"
  className="logo"
  src="nothing"
/>
`;
