// Jest Snapshot v1, https://goo.gl/fbAQLP

exports[`<Field /> component should render correctly 1`] = `
<div
  className="control container"
>
  <label
    className="radio"
  >
    <input
      className="input"
      defaultChecked={true}
      name="something"
      type="radio"
      value={true}
    />
    Sim
  </label>
  <label
    className="radio"
  >
    <input
      className="input"
      defaultChecked={false}
      name="something"
      type="radio"
      value={false}
    />
    NÃ£o
  </label>
</div>
`;
